nohup: 忽略输入
/home/xjx/miniconda3/envs/scopf/lib/python3.10/site-packages/torch/cuda/__init__.py:184: UserWarning: CUDA initialization: Unexpected error from cudaGetDeviceCount(). Did you run some cuda functions before calling NumCudaDevices() that might have already set an error? Error 804: forward compatibility was attempted on non supported HW (Triggered internally at /pytorch/c10/cuda/CUDAFunctions.cpp:119.)
  return torch._C._cuda_getDeviceCount() > 0
Restricted license - for non-production use only - expires 2026-11-23
Set parameter TimeLimit to value 100
Set parameter OutputFlag to value 1
Set parameter NonConvex to value 2
Set parameter MIPGap to value 0
Set parameter Threads to value 8
Gurobi Optimizer version 12.0.0 build v12.0.0rc1 (linux64 - "Ubuntu 24.04.3 LTS")

CPU model: 13th Gen Intel(R) Core(TM) i9-13900K, instruction set [SSE2|AVX|AVX2]
Thread count: 32 physical cores, 32 logical processors, using up to 8 threads

Non-default parameters:
TimeLimit  100
MIPGap  0
NonConvex  2
Threads  8

Optimize a model with 20 rows, 100 columns and 200 nonzeros
Model fingerprint: 0x0e16a08e
Model has 3870 quadratic objective terms
Variable types: 0 continuous, 100 integer (100 binary)
Coefficient statistics:
  Matrix range     [1e+00, 1e+00]
  Objective range  [0e+00, 0e+00]
  QObjective range [4e+00, 4e+04]
  Bounds range     [1e+00, 1e+00]
  RHS range        [1e+00, 1e+00]
Found heuristic solution: objective 185780.00000
Presolve time: 0.02s
Presolved: 20 rows, 100 columns, 200 nonzeros
Presolved model has 3970 quadratic objective terms
Variable types: 0 continuous, 100 integer (100 binary)

Root relaxation: objective -5.643931e+05, 120 iterations, 0.00 seconds (0.00 work units)

    Nodes    |    Current Node    |     Objective Bounds      |     Work
 Expl Unexpl |  Obj  Depth IntInf | Incumbent    BestBd   Gap | It/Node Time

     0     0    0.00000    0  100 185780.000    0.00000   100%     -    0s
H    0     0                    173526.00000    0.00000   100%     -    0s
H    0     0                    169718.00000    0.00000   100%     -    0s
H    0     0                    167716.00000    0.00000   100%     -    0s
H    0     0                    163266.00000    0.00000   100%     -    0s
     0     0    0.00000    0  100 163266.000    0.00000   100%     -    0s
H    0     0                    160308.00000    0.00000   100%     -    0s
H    0     0                    155294.00000    0.00000   100%     -    0s
     0     2    0.00000    0  100 155294.000    0.00000   100%     -    0s
H   26    63                    149192.00000    0.00000   100%   5.6    0s
H   45    63                    149180.00000    0.00000   100%   4.3    0s
H  137   143                    146220.00000    0.00000   100%   3.3    0s
H  187   217                    140982.00000    0.00000   100%   3.3    0s
H  312   285                    140122.00000    0.00000   100%   3.4    0s
H  398   334                    137362.00000    0.00000   100%   3.4    0s
H 2753  1429                    135602.00000 9573.34900  92.9%   9.9    0s
H 2924  1474                    135028.00000 9573.34900  92.9%  10.2    0s
 157821 26920 infeasible   91      135028.000 86654.2804  35.8%   7.9    5s

Cutting planes:
  Gomory: 3
  Implied bound: 13
  MIR: 5
  StrongCG: 1
  Flow cover: 61
  Inf proof: 7

Explored 297060 nodes (2112128 simplex iterations) in 8.26 seconds (17.24 work units)
Thread count was 8 (of 32 available processors)

Solution count 10: 135028 135602 137362 ... 160308

Optimal solution found (tolerance 0.00e+00)
Best objective 1.350280000000e+05, best bound 1.350280000000e+05, gap 0.0000%
/home/xjx/miniconda3/envs/scopf/lib/python3.10/site-packages/torch/cuda/__init__.py:184: UserWarning: CUDA initialization: Unexpected error from cudaGetDeviceCount(). Did you run some cuda functions before calling NumCudaDevices() that might have already set an error? Error 804: forward compatibility was attempted on non supported HW (Triggered internally at /pytorch/c10/cuda/CUDAFunctions.cpp:119.)
  return torch._C._cuda_getDeviceCount() > 0
Restricted license - for non-production use only - expires 2026-11-23
Set parameter TimeLimit to value 100
Set parameter OutputFlag to value 1
Set parameter NonConvex to value 2
Set parameter MIPGap to value 0
Set parameter Threads to value 8
Gurobi Optimizer version 12.0.0 build v12.0.0rc1 (linux64 - "Ubuntu 24.04.3 LTS")

CPU model: 13th Gen Intel(R) Core(TM) i9-13900K, instruction set [SSE2|AVX|AVX2]
Thread count: 32 physical cores, 32 logical processors, using up to 8 threads

Non-default parameters:
TimeLimit  100
MIPGap  0
NonConvex  2
Threads  8

Optimize a model with 20 rows, 100 columns and 200 nonzeros
Model fingerprint: 0x5f16dd2d
Model has 3150 quadratic objective terms
Variable types: 0 continuous, 100 integer (100 binary)
Coefficient statistics:
  Matrix range     [1e+00, 1e+00]
  Objective range  [0e+00, 0e+00]
  QObjective range [6e+00, 2e+06]
  Bounds range     [1e+00, 1e+00]
  RHS range        [1e+00, 1e+00]
Found heuristic solution: objective 1825966.0000
Presolve time: 0.02s
Presolved: 20 rows, 100 columns, 200 nonzeros
Presolved model has 3250 quadratic objective terms
Variable types: 0 continuous, 100 integer (100 binary)

Root relaxation: objective -1.525630e+07, 117 iterations, 0.00 seconds (0.00 work units)

    Nodes    |    Current Node    |     Objective Bounds      |     Work
 Expl Unexpl |  Obj  Depth IntInf | Incumbent    BestBd   Gap | It/Node Time

     0     0    0.00000    0   98 1825966.00    0.00000   100%     -    0s
     0     0    0.00000    0   98 1825966.00    0.00000   100%     -    0s
H    0     2                    1741207.0000    0.00000   100%     -    0s
     0     2    0.00000    0   98 1741207.00    0.00000   100%     -    0s
H   26    64                    1620756.0000    0.00000   100%   5.7    0s
H  108   144                    1546057.0000    0.00000   100%   3.3    0s
H  123   144                    1517767.0000    0.00000   100%   3.4    0s
H  183   175                    1313422.0000    0.00000   100%   3.4    0s
H  321   257                    1233479.0000 55781.2855  95.5%   7.6    0s
H  937   457                    1222772.0000 55781.2855  95.4%  10.2    0s
H 3762  1242                    1209254.0000 55781.2855  95.4%  10.8    0s
H 4435  1284                    1187894.0000 55781.2855  95.3%  11.1    0s
H 4543  1192                    1187126.0000 55781.2855  95.3%  11.1    0s
* 8730  1278              62    1183760.0000 649493.294  45.1%   9.6    0s

Explored 15272 nodes (123850 simplex iterations) in 0.76 seconds (1.15 work units)
Thread count was 8 (of 32 available processors)

Solution count 10: 1.18376e+06 1.18713e+06 1.18789e+06 ... 1.62076e+06

Optimal solution found (tolerance 0.00e+00)
Best objective 1.183760000000e+06, best bound 1.183760000000e+06, gap 0.0000%
/home/xjx/miniconda3/envs/scopf/lib/python3.10/site-packages/torch/cuda/__init__.py:184: UserWarning: CUDA initialization: Unexpected error from cudaGetDeviceCount(). Did you run some cuda functions before calling NumCudaDevices() that might have already set an error? Error 804: forward compatibility was attempted on non supported HW (Triggered internally at /pytorch/c10/cuda/CUDAFunctions.cpp:119.)
  return torch._C._cuda_getDeviceCount() > 0
Restricted license - for non-production use only - expires 2026-11-23
Set parameter TimeLimit to value 100
Set parameter OutputFlag to value 1
Set parameter NonConvex to value 2
Set parameter MIPGap to value 0
Set parameter Threads to value 8
Gurobi Optimizer version 12.0.0 build v12.0.0rc1 (linux64 - "Ubuntu 24.04.3 LTS")

CPU model: 13th Gen Intel(R) Core(TM) i9-13900K, instruction set [SSE2|AVX|AVX2]
Thread count: 32 physical cores, 32 logical processors, using up to 8 threads

Non-default parameters:
TimeLimit  100
MIPGap  0
NonConvex  2
Threads  8

Traceback (most recent call last):
  File "/home/xjx/A-xjx/QAPs/test_baseline.py", line 50, in <module>
    model.optimize()
  File "src/gurobipy/_model.pyx", line 901, in gurobipy._model.Model.optimize
gurobipy._exception.GurobiError: Model too large for size-limited license; visit https://gurobi.com/unrestricted for more information
/home/xjx/miniconda3/envs/scopf/lib/python3.10/site-packages/torch/cuda/__init__.py:184: UserWarning: CUDA initialization: Unexpected error from cudaGetDeviceCount(). Did you run some cuda functions before calling NumCudaDevices() that might have already set an error? Error 804: forward compatibility was attempted on non supported HW (Triggered internally at /pytorch/c10/cuda/CUDAFunctions.cpp:119.)
  return torch._C._cuda_getDeviceCount() > 0
Restricted license - for non-production use only - expires 2026-11-23
Set parameter TimeLimit to value 100
Set parameter OutputFlag to value 1
Set parameter NonConvex to value 2
Set parameter MIPGap to value 0
Set parameter Threads to value 8
Gurobi Optimizer version 12.0.0 build v12.0.0rc1 (linux64 - "Ubuntu 24.04.3 LTS")

CPU model: 13th Gen Intel(R) Core(TM) i9-13900K, instruction set [SSE2|AVX|AVX2]
Thread count: 32 physical cores, 32 logical processors, using up to 8 threads

Non-default parameters:
TimeLimit  100
MIPGap  0
NonConvex  2
Threads  8

Traceback (most recent call last):
  File "/home/xjx/A-xjx/QAPs/test_baseline.py", line 50, in <module>
    model.optimize()
  File "src/gurobipy/_model.pyx", line 901, in gurobipy._model.Model.optimize
gurobipy._exception.GurobiError: Model too large for size-limited license; visit https://gurobi.com/unrestricted for more information
/home/xjx/miniconda3/envs/scopf/lib/python3.10/site-packages/torch/cuda/__init__.py:184: UserWarning: CUDA initialization: Unexpected error from cudaGetDeviceCount(). Did you run some cuda functions before calling NumCudaDevices() that might have already set an error? Error 804: forward compatibility was attempted on non supported HW (Triggered internally at /pytorch/c10/cuda/CUDAFunctions.cpp:119.)
  return torch._C._cuda_getDeviceCount() > 0
Restricted license - for non-production use only - expires 2026-11-23
Set parameter TimeLimit to value 100
Set parameter OutputFlag to value 1
Set parameter NonConvex to value 2
Set parameter MIPGap to value 0
Set parameter Threads to value 8
Gurobi Optimizer version 12.0.0 build v12.0.0rc1 (linux64 - "Ubuntu 24.04.3 LTS")

CPU model: 13th Gen Intel(R) Core(TM) i9-13900K, instruction set [SSE2|AVX|AVX2]
Thread count: 32 physical cores, 32 logical processors, using up to 8 threads

Non-default parameters:
TimeLimit  100
MIPGap  0
NonConvex  2
Threads  8

Traceback (most recent call last):
  File "/home/xjx/A-xjx/QAPs/test_baseline.py", line 50, in <module>
    model.optimize()
  File "src/gurobipy/_model.pyx", line 901, in gurobipy._model.Model.optimize
gurobipy._exception.GurobiError: Model too large for size-limited license; visit https://gurobi.com/unrestricted for more information
/home/xjx/miniconda3/envs/scopf/lib/python3.10/site-packages/torch/cuda/__init__.py:184: UserWarning: CUDA initialization: Unexpected error from cudaGetDeviceCount(). Did you run some cuda functions before calling NumCudaDevices() that might have already set an error? Error 804: forward compatibility was attempted on non supported HW (Triggered internally at /pytorch/c10/cuda/CUDAFunctions.cpp:119.)
  return torch._C._cuda_getDeviceCount() > 0
Restricted license - for non-production use only - expires 2026-11-23
Set parameter TimeLimit to value 100
Set parameter OutputFlag to value 1
Set parameter NonConvex to value 2
Set parameter MIPGap to value 0
Set parameter Threads to value 8
Gurobi Optimizer version 12.0.0 build v12.0.0rc1 (linux64 - "Ubuntu 24.04.3 LTS")

CPU model: 13th Gen Intel(R) Core(TM) i9-13900K, instruction set [SSE2|AVX|AVX2]
Thread count: 32 physical cores, 32 logical processors, using up to 8 threads

Non-default parameters:
TimeLimit  100
MIPGap  0
NonConvex  2
Threads  8

Traceback (most recent call last):
  File "/home/xjx/A-xjx/QAPs/test_baseline.py", line 50, in <module>
    model.optimize()
  File "src/gurobipy/_model.pyx", line 901, in gurobipy._model.Model.optimize
gurobipy._exception.GurobiError: Model too large for size-limited license; visit https://gurobi.com/unrestricted for more information
/home/xjx/miniconda3/envs/scopf/lib/python3.10/site-packages/torch/cuda/__init__.py:184: UserWarning: CUDA initialization: Unexpected error from cudaGetDeviceCount(). Did you run some cuda functions before calling NumCudaDevices() that might have already set an error? Error 804: forward compatibility was attempted on non supported HW (Triggered internally at /pytorch/c10/cuda/CUDAFunctions.cpp:119.)
  return torch._C._cuda_getDeviceCount() > 0
Restricted license - for non-production use only - expires 2026-11-23
Set parameter TimeLimit to value 100
Set parameter OutputFlag to value 1
Set parameter NonConvex to value 2
Set parameter MIPGap to value 0
Set parameter Threads to value 8
Gurobi Optimizer version 12.0.0 build v12.0.0rc1 (linux64 - "Ubuntu 24.04.3 LTS")

CPU model: 13th Gen Intel(R) Core(TM) i9-13900K, instruction set [SSE2|AVX|AVX2]
Thread count: 32 physical cores, 32 logical processors, using up to 8 threads

Non-default parameters:
TimeLimit  100
MIPGap  0
NonConvex  2
Threads  8

Traceback (most recent call last):
  File "/home/xjx/A-xjx/QAPs/test_baseline.py", line 50, in <module>
    model.optimize()
  File "src/gurobipy/_model.pyx", line 901, in gurobipy._model.Model.optimize
gurobipy._exception.GurobiError: Model too large for size-limited license; visit https://gurobi.com/unrestricted for more information
/home/xjx/miniconda3/envs/scopf/lib/python3.10/site-packages/torch/cuda/__init__.py:184: UserWarning: CUDA initialization: Unexpected error from cudaGetDeviceCount(). Did you run some cuda functions before calling NumCudaDevices() that might have already set an error? Error 804: forward compatibility was attempted on non supported HW (Triggered internally at /pytorch/c10/cuda/CUDAFunctions.cpp:119.)
  return torch._C._cuda_getDeviceCount() > 0
Restricted license - for non-production use only - expires 2026-11-23
Set parameter TimeLimit to value 100
Set parameter OutputFlag to value 1
Set parameter NonConvex to value 2
Set parameter MIPGap to value 0
Set parameter Threads to value 8
Gurobi Optimizer version 12.0.0 build v12.0.0rc1 (linux64 - "Ubuntu 24.04.3 LTS")

CPU model: 13th Gen Intel(R) Core(TM) i9-13900K, instruction set [SSE2|AVX|AVX2]
Thread count: 32 physical cores, 32 logical processors, using up to 8 threads

Non-default parameters:
TimeLimit  100
MIPGap  0
NonConvex  2
Threads  8

Traceback (most recent call last):
  File "/home/xjx/A-xjx/QAPs/test_baseline.py", line 50, in <module>
    model.optimize()
  File "src/gurobipy/_model.pyx", line 901, in gurobipy._model.Model.optimize
gurobipy._exception.GurobiError: Model too large for size-limited license; visit https://gurobi.com/unrestricted for more information
/home/xjx/miniconda3/envs/scopf/lib/python3.10/site-packages/torch/cuda/__init__.py:184: UserWarning: CUDA initialization: Unexpected error from cudaGetDeviceCount(). Did you run some cuda functions before calling NumCudaDevices() that might have already set an error? Error 804: forward compatibility was attempted on non supported HW (Triggered internally at /pytorch/c10/cuda/CUDAFunctions.cpp:119.)
  return torch._C._cuda_getDeviceCount() > 0
Restricted license - for non-production use only - expires 2026-11-23
Set parameter TimeLimit to value 100
Set parameter OutputFlag to value 1
Set parameter NonConvex to value 2
Set parameter MIPGap to value 0
Set parameter Threads to value 8
Gurobi Optimizer version 12.0.0 build v12.0.0rc1 (linux64 - "Ubuntu 24.04.3 LTS")

CPU model: 13th Gen Intel(R) Core(TM) i9-13900K, instruction set [SSE2|AVX|AVX2]
Thread count: 32 physical cores, 32 logical processors, using up to 8 threads

Non-default parameters:
TimeLimit  100
MIPGap  0
NonConvex  2
Threads  8

Traceback (most recent call last):
  File "/home/xjx/A-xjx/QAPs/test_baseline.py", line 50, in <module>
    model.optimize()
  File "src/gurobipy/_model.pyx", line 901, in gurobipy._model.Model.optimize
gurobipy._exception.GurobiError: Model too large for size-limited license; visit https://gurobi.com/unrestricted for more information
/home/xjx/miniconda3/envs/scopf/lib/python3.10/site-packages/torch/cuda/__init__.py:184: UserWarning: CUDA initialization: Unexpected error from cudaGetDeviceCount(). Did you run some cuda functions before calling NumCudaDevices() that might have already set an error? Error 804: forward compatibility was attempted on non supported HW (Triggered internally at /pytorch/c10/cuda/CUDAFunctions.cpp:119.)
  return torch._C._cuda_getDeviceCount() > 0
Restricted license - for non-production use only - expires 2026-11-23
Set parameter TimeLimit to value 100
Set parameter OutputFlag to value 1
Set parameter NonConvex to value 2
Set parameter MIPGap to value 0
Set parameter Threads to value 8
Gurobi Optimizer version 12.0.0 build v12.0.0rc1 (linux64 - "Ubuntu 24.04.3 LTS")

CPU model: 13th Gen Intel(R) Core(TM) i9-13900K, instruction set [SSE2|AVX|AVX2]
Thread count: 32 physical cores, 32 logical processors, using up to 8 threads

Non-default parameters:
TimeLimit  100
MIPGap  0
NonConvex  2
Threads  8

Traceback (most recent call last):
  File "/home/xjx/A-xjx/QAPs/test_baseline.py", line 50, in <module>
    model.optimize()
  File "src/gurobipy/_model.pyx", line 901, in gurobipy._model.Model.optimize
gurobipy._exception.GurobiError: Model too large for size-limited license; visit https://gurobi.com/unrestricted for more information
